src/core/parser.ts(249,46): error TS2379: Argument of type '{ detectedLanguage: SupportedLanguage; removeDuplicates: boolean | undefined; mergeOverlapping: boolean | undefined; mergeNotes: boolean | undefined; extractTags: boolean | undefined; highlightsOnly: boolean | undefined; }' is not assignable to parameter of type 'ProcessOptions' with 'exactOptionalPropertyTypes: true'. Consider adding 'undefined' to the types of the target's properties.
  Types of property 'removeDuplicates' are incompatible.
    Type 'boolean | undefined' is not assignable to type 'boolean'.
      Type 'undefined' is not assignable to type 'boolean'.
src/gui/main.ts(44,13): error TS2584: Cannot find name 'document'. Do you need to change your target library? Try changing the 'lib' compiler option to include 'dom'.
src/gui/main.ts(44,52): error TS2304: Cannot find name 'HTMLDivElement'.
src/gui/main.ts(45,14): error TS2584: Cannot find name 'document'. Do you need to change your target library? Try changing the 'lib' compiler option to include 'dom'.
src/gui/main.ts(45,55): error TS2304: Cannot find name 'HTMLInputElement'.
src/gui/main.ts(46,13): error TS2584: Cannot find name 'document'. Do you need to change your target library? Try changing the 'lib' compiler option to include 'dom'.
src/gui/main.ts(46,53): error TS2304: Cannot find name 'HTMLDivElement'.
src/gui/main.ts(47,13): error TS2584: Cannot find name 'document'. Do you need to change your target library? Try changing the 'lib' compiler option to include 'dom'.
src/gui/main.ts(47,53): error TS2304: Cannot find name 'HTMLButtonElement'.
src/gui/main.ts(50,16): error TS2584: Cannot find name 'document'. Do you need to change your target library? Try changing the 'lib' compiler option to include 'dom'.
src/gui/main.ts(50,59): error TS2304: Cannot find name 'HTMLSelectElement'.
src/gui/main.ts(51,24): error TS2584: Cannot find name 'document'. Do you need to change your target library? Try changing the 'lib' compiler option to include 'dom'.
src/gui/main.ts(51,75): error TS2304: Cannot find name 'HTMLInputElement'.
src/gui/main.ts(52,18): error TS2584: Cannot find name 'document'. Do you need to change your target library? Try changing the 'lib' compiler option to include 'dom'.
src/gui/main.ts(52,63): error TS2304: Cannot find name 'HTMLInputElement'.
src/gui/main.ts(53,24): error TS2584: Cannot find name 'document'. Do you need to change your target library? Try changing the 'lib' compiler option to include 'dom'.
src/gui/main.ts(53,75): error TS2304: Cannot find name 'HTMLInputElement'.
src/gui/main.ts(54,19): error TS2584: Cannot find name 'document'. Do you need to change your target library? Try changing the 'lib' compiler option to include 'dom'.
src/gui/main.ts(54,65): error TS2304: Cannot find name 'HTMLInputElement'.
src/gui/main.ts(55,22): error TS2584: Cannot find name 'document'. Do you need to change your target library? Try changing the 'lib' compiler option to include 'dom'.
src/gui/main.ts(55,71): error TS2304: Cannot find name 'HTMLInputElement'.
src/gui/main.ts(56,24): error TS2584: Cannot find name 'document'. Do you need to change your target library? Try changing the 'lib' compiler option to include 'dom'.
src/gui/main.ts(56,75): error TS2304: Cannot find name 'HTMLInputElement'.
src/gui/main.ts(57,20): error TS2584: Cannot find name 'document'. Do you need to change your target library? Try changing the 'lib' compiler option to include 'dom'.
src/gui/main.ts(57,67): error TS2304: Cannot find name 'HTMLInputElement'.
src/gui/main.ts(58,19): error TS2584: Cannot find name 'document'. Do you need to change your target library? Try changing the 'lib' compiler option to include 'dom'.
src/gui/main.ts(58,65): error TS2304: Cannot find name 'HTMLInputElement'.
src/gui/main.ts(59,25): error TS2584: Cannot find name 'document'. Do you need to change your target library? Try changing the 'lib' compiler option to include 'dom'.
src/gui/main.ts(59,77): error TS2304: Cannot find name 'HTMLInputElement'.
src/gui/main.ts(60,20): error TS2584: Cannot find name 'document'. Do you need to change your target library? Try changing the 'lib' compiler option to include 'dom'.
src/gui/main.ts(60,67): error TS2304: Cannot find name 'HTMLInputElement'.
src/gui/main.ts(61,24): error TS2584: Cannot find name 'document'. Do you need to change your target library? Try changing the 'lib' compiler option to include 'dom'.
src/gui/main.ts(61,75): error TS2304: Cannot find name 'HTMLInputElement'.
src/gui/main.ts(62,24): error TS2584: Cannot find name 'document'. Do you need to change your target library? Try changing the 'lib' compiler option to include 'dom'.
src/gui/main.ts(62,75): error TS2304: Cannot find name 'HTMLInputElement'.
src/gui/main.ts(65,17): error TS2584: Cannot find name 'document'. Do you need to change your target library? Try changing the 'lib' compiler option to include 'dom'.
src/gui/main.ts(65,61): error TS2304: Cannot find name 'HTMLDivElement'.
src/gui/main.ts(66,21): error TS2584: Cannot find name 'document'. Do you need to change your target library? Try changing the 'lib' compiler option to include 'dom'.
src/gui/main.ts(66,69): error TS2304: Cannot find name 'HTMLDivElement'.
src/gui/main.ts(67,20): error TS2584: Cannot find name 'document'. Do you need to change your target library? Try changing the 'lib' compiler option to include 'dom'.
src/gui/main.ts(67,67): error TS2304: Cannot find name 'HTMLDivElement'.
src/gui/main.ts(68,15): error TS2584: Cannot find name 'document'. Do you need to change your target library? Try changing the 'lib' compiler option to include 'dom'.
src/gui/main.ts(68,57): error TS2304: Cannot find name 'HTMLDivElement'.
src/gui/main.ts(71,20): error TS2584: Cannot find name 'document'. Do you need to change your target library? Try changing the 'lib' compiler option to include 'dom'.
src/gui/main.ts(71,67): error TS2304: Cannot find name 'HTMLInputElement'.
src/gui/main.ts(72,24): error TS2584: Cannot find name 'document'. Do you need to change your target library? Try changing the 'lib' compiler option to include 'dom'.
src/gui/main.ts(72,76): error TS2304: Cannot find name 'HTMLSelectElement'.
src/gui/main.ts(73,24): error TS2584: Cannot find name 'document'. Do you need to change your target library? Try changing the 'lib' compiler option to include 'dom'.
src/gui/main.ts(73,76): error TS2304: Cannot find name 'HTMLSelectElement'.
src/gui/main.ts(76,22): error TS2584: Cannot find name 'document'. Do you need to change your target library? Try changing the 'lib' compiler option to include 'dom'.
src/gui/main.ts(76,71): error TS2304: Cannot find name 'HTMLInputElement'.
src/gui/main.ts(77,23): error TS2584: Cannot find name 'document'. Do you need to change your target library? Try changing the 'lib' compiler option to include 'dom'.
src/gui/main.ts(77,73): error TS2304: Cannot find name 'HTMLInputElement'.
src/gui/main.ts(78,30): error TS2584: Cannot find name 'document'. Do you need to change your target library? Try changing the 'lib' compiler option to include 'dom'.
src/gui/main.ts(80,8): error TS2304: Cannot find name 'HTMLInputElement'.
src/gui/main.ts(81,26): error TS2584: Cannot find name 'document'. Do you need to change your target library? Try changing the 'lib' compiler option to include 'dom'.
src/gui/main.ts(81,79): error TS2304: Cannot find name 'HTMLSelectElement'.
src/gui/main.ts(82,21): error TS2584: Cannot find name 'document'. Do you need to change your target library? Try changing the 'lib' compiler option to include 'dom'.
src/gui/main.ts(82,69): error TS2304: Cannot find name 'HTMLSelectElement'.
src/gui/main.ts(83,22): error TS2584: Cannot find name 'document'. Do you need to change your target library? Try changing the 'lib' compiler option to include 'dom'.
src/gui/main.ts(83,72): error TS2304: Cannot find name 'HTMLDivElement'.
src/gui/main.ts(84,21): error TS2584: Cannot find name 'document'. Do you need to change your target library? Try changing the 'lib' compiler option to include 'dom'.
src/gui/main.ts(84,70): error TS2304: Cannot find name 'HTMLDivElement'.
src/gui/main.ts(85,20): error TS2584: Cannot find name 'document'. Do you need to change your target library? Try changing the 'lib' compiler option to include 'dom'.
src/gui/main.ts(85,68): error TS2304: Cannot find name 'HTMLDivElement'.
src/gui/main.ts(86,26): error TS2584: Cannot find name 'document'. Do you need to change your target library? Try changing the 'lib' compiler option to include 'dom'.
src/gui/main.ts(86,80): error TS2304: Cannot find name 'HTMLDivElement'.
src/gui/main.ts(87,24): error TS2584: Cannot find name 'document'. Do you need to change your target library? Try changing the 'lib' compiler option to include 'dom'.
src/gui/main.ts(87,76): error TS2304: Cannot find name 'HTMLDivElement'.
src/gui/main.ts(88,22): error TS2584: Cannot find name 'document'. Do you need to change your target library? Try changing the 'lib' compiler option to include 'dom'.
src/gui/main.ts(88,72): error TS2304: Cannot find name 'HTMLIFrameElement'.
src/gui/main.ts(89,16): error TS2584: Cannot find name 'document'. Do you need to change your target library? Try changing the 'lib' compiler option to include 'dom'.
src/gui/main.ts(89,59): error TS2304: Cannot find name 'HTMLButtonElement'.
src/gui/main.ts(92,18): error TS2584: Cannot find name 'document'. Do you need to change your target library? Try changing the 'lib' compiler option to include 'dom'.
src/gui/main.ts(92,63): error TS2304: Cannot find name 'HTMLSelectElement'.
src/gui/main.ts(106,43): error TS7006: Parameter 'e' implicitly has an 'any' type.
src/gui/main.ts(112,42): error TS7006: Parameter 'e' implicitly has an 'any' type.
src/gui/main.ts(118,43): error TS7006: Parameter 'e' implicitly has an 'any' type.
src/gui/main.ts(124,38): error TS7006: Parameter 'e' implicitly has an 'any' type.
src/gui/main.ts(182,3): error TS2375: Type '{ language: ParseOptions["language"]; removeDuplicates: any; mergeNotes: any; mergeOverlapping: any; extractTags: any; highlightsOnly: any; normalizeUnicode: any; cleanContent: any; cleanTitles: any; excludeTypes: ClippingType[] | undefined; minContentLength: number | undefined; onlyBooks: any[] | undefined; }' is not assignable to type 'ParseOptions' with 'exactOptionalPropertyTypes: true'. Consider adding 'undefined' to the types of the target's properties.
  Types of property 'language' are incompatible.
    Type 'SupportedLanguage | "auto" | undefined' is not assignable to type 'SupportedLanguage | "auto"'.
      Type 'undefined' is not assignable to type 'SupportedLanguage | "auto"'.
src/gui/main.ts(515,17): error TS4111: Property 'json' comes from an index signature, so it must be accessed with ['json'].
src/gui/main.ts(523,17): error TS4111: Property 'csv' comes from an index signature, so it must be accessed with ['csv'].
src/gui/main.ts(531,17): error TS4111: Property 'md' comes from an index signature, so it must be accessed with ['md'].
src/gui/main.ts(545,17): error TS4111: Property 'obsidian' comes from an index signature, so it must be accessed with ['obsidian'].
src/gui/main.ts(563,17): error TS4111: Property 'joplin' comes from an index signature, so it must be accessed with ['joplin'].
src/gui/main.ts(571,19): error TS4111: Property 'html' comes from an index signature, so it must be accessed with ['html'].
src/gui/main.ts(600,21): error TS2584: Cannot find name 'document'. Do you need to change your target library? Try changing the 'lib' compiler option to include 'dom'.
src/gui/main.ts(619,13): error TS2584: Cannot find name 'document'. Do you need to change your target library? Try changing the 'lib' compiler option to include 'dom'.
src/gui/main.ts(622,3): error TS2584: Cannot find name 'document'. Do you need to change your target library? Try changing the 'lib' compiler option to include 'dom'.
src/gui/main.ts(624,3): error TS2584: Cannot find name 'document'. Do you need to change your target library? Try changing the 'lib' compiler option to include 'dom'.
src/gui/main.ts(663,3): error TS2584: Cannot find name 'document'. Do you need to change your target library? Try changing the 'lib' compiler option to include 'dom'.
src/gui/main.ts(663,47): error TS7006: Parameter 'tabContainer' implicitly has an 'any' type.
src/gui/main.ts(664,52): error TS7006: Parameter 'tab' implicitly has an 'any' type.
src/gui/main.ts(694,15): error TS2584: Cannot find name 'document'. Do you need to change your target library? Try changing the 'lib' compiler option to include 'dom'.
src/gui/main.ts(732,24): error TS2584: Cannot find name 'document'. Do you need to change your target library? Try changing the 'lib' compiler option to include 'dom'.
src/gui/main.ts(733,25): error TS7006: Parameter 'input' implicitly has an 'any' type.
